adolfo alsina
adriana aguirre
aerolineas argentinas
aeropuerto de sauce viejo
aeropuerto de ushuaia
aeropuerto ezeiza
aeropuerto internacional ingeniero aeronautico
agencia efe
agencia francepresse
agencia idi
agencia internacional de energia aie
agencia nacional de promocion
agrometal vision
agustin alayes
agustin lescano municipio
agustina galeazzi
agustina sucri
alain ducasse
alan luques
alberso fernandez
alberti vila
alberto cormillot
alberto fernandez
aldo elias
alejandra girona
alejandro horvat
alejandro lerner
alejandro roca
alejandro sanz
alex turner
alexander alexander guintsburg
alexander guintsburg
alexis rodriguez
ali maaow malin
alibour ted lapidus
alta cordoba
alvaro galiana
alvaro rodriguez
ana ayala
ana cofre
ana evans
ana ribeiro
ana teresa ayala
andrea bussi
andrea montaner
andrea taballione
andrea venosa
andres di genaro
andres manuel lopez obrador
andy ricover
angel zaldivar
angela leiva
angela merkel
anibal ibarra
anika chebrolu gano
antonio aguilar
antonio gil yovera
antonio repullo
antonio ruiz
apocalipsis now redux
apocalipsis zombie
ara san juan
army bombpara
arnaldo franco
asamblea general de la asamblea nacional
asociacion cultural belenista de cordoba
asociacion medica americana
astra zeneca
ate rosario
atletico de madrid
atletico nacional de medellin
atletico tucuman
atletico tucuman
australia melbourne
av italia
avenida brasil
avenida sarandi
axel kicillof
azucena arbeleche
baby af kici
backstreet boys
bad bunny
bancaria regional azul
banco banco de gimnasia
banco de leche
banco deleche
banco fuerchi
banco interamericano
banco mundial
banco nacion
barbi silenzi
barrio san antonio oeste
barrio san martin
barrio schneider
bartra transmision
basilica de san pedro
beatrix kiddo
beatriz mangini
belen francese
bell ville
bella union
bella vista
bernardo grobocopatel
bernardo grobocopatel
better working world
bialet masse
bialet masse cerro
bicho guevara
bichosla universidad de oxford
bici post
big pharma
bill gates
bill gates advirtio
biologica habia
bioparque washington rodriguez piquinela
birra ypapitas
blabla blanca jaja
boca dia boca estan
boca raton palm beach gardens
bolas jajajajajja
bolivia bolivia
bolsa de nueva york
boluda de agustina
boludeces haceme
boludez xenofoba
boludos shoro
bonifacio del
bonita inocencia
boris johnson
borro video
boy olmi
brandsen 3
brandsen 9
brasil mexico
brasil ronaldinho
brent 493
bresh amigxxx
breve argentina
bri cuñada
british columbia
brown de san vicente
bruno fitipaldo
bs as
buenos aires
bullrich feimann
camila abbondanzieri
camilo martino
camp nou
campeon mundial de boxeo
campeon mundial vitali klitshko
campeon ojala te recuperes
campeona toy
campera jaj
campo de vathy
canelones san jose maldonado
capilla de san alvaro
capilla del monte
capitan bermudez
capitan john colby
caracas venezuela
caranta covid
carcaraña laguna
carcel de cruz del eje presos
cardozo remarco
carla vizzotti
carlos abraham
carlos abraham de clinicas
carlos alberto
carlos albisu
carlos bianco
carlos casares
carlos fidel dialogara
carlos gustavo
carlos monzon
carlos naput
carlos nicandro
carlos paz
carlos paz
carlos paz el total
carlos pellegrini
carlos ruben tito romera
carmen burgos
caro pepe
carolina cosse
carolina cosse vos estendes
carolina mancini
carolina viteri
cartelear q tengo caruso lombardi
casa blanca
casa covid
casa cuidate
casa cuido
casa de fati
casa de martina
casa estoy
casa jose
casa rosada
cata garcia
catalunya madrid extremadura
caterva de inutiles
cavani nomas q te cayo
cañada de gomez
cañada rosquin
cañuelas literalmente
cb jackson
cb r douglas
ce pico exposicion
cecilia berbotto
cecilia berbotto conto
cecilia borbotto
cecilia roth
cementerio san vicente
central cordoba
centralla atencion de la pandemiaen todassus
centro gamaleya
centro nac
centro rossi
centro stamboulian
ceres dia
cerre mi instagram
cerro de las rosas
chabon hdp estaria
champions league
champions league champions league champions sera
chamuyo xd
chao covid19
charles carrera leal
charlotte caniggia
charly garcia
chino romero
chiqui legrand
christian di candia
circo beat
ciudad de america
ciudad de buenos aires
ciudad de cordoba
ciudad de santa fe
clara jackson
claudio garbolino
clinica de lavandina
clinica de ontario
clinica del carmen
clinica del sud
clinica mosconi
clinica punilla
clinica velez
club atenas
club atletico bella vista
club bella
club bella vista
club bella vista de
club bella vista el inau
club central
club club club albatros
club de futbol bella vista
club union
colegio crandon
colegio de farmaceuticos de la matanza
colegio de santa cruz
colegio de todoooo necesito
colegio resolvio
colegio santa
collin farrell
colonia belgrano
colonia caroya
colonia del sacramento
comision europea
comision tecnico
comite de emergencia
comite ejecutivo de cimf
comun catastrofica
comunidad autonoma de galicia
comunidad boliviana
comunidad del caribe
comunidad internacional
comunidad medica mexicana
concepcion del uruguay
concha de la lora
concierto de maroon 5
confirmacion sera
confirmo congestion fiebre
congo read
congo rivero
congreso de la nacion
congreso de peru
congreso mexicano
connie ansaldi
cono de contagia
cono venezuela
conplejo bauza
conrado estol
consejeria de salud y familias
consejo de cooperativas del valle
consejo de educacion adriana cantero mtra
consejo directivo de la facu
consejo mundial de la biodiversidad alli
consejo quedate
conspiracion river plate
constitucion de chile
contaminacion delaire
contin dias atras
cooooomo sooon ehhh
coooviiiiid rayos
cooperacion internacional
cooperacion internacional de la cancilleria
coordinacion villanueva
copa de @user fortelazas debilidades
copa de la liga profesional justo en el dia
copa sudamericana
copa sudamericana del
coprovi malditocovid
copy paste
cordoba capital
cordoba carolina
cordoba cordoba
cordoba cordoba ate uts
cordobaesp csif
cordobaesp fernan nuñez
cordobes me das asco corea del norte
corea del norte
cornuda despues
coronavirus santo
corporacion medica de san martin
cristian raimondi
cristian ronaldo tienecovid
cristian sergio
cristina arrieta jefa
cristina estan
cristina fernandez de kirchner
cyber monday
damian macias
danger europa
dani alves
daniel campillo
daniel garcia
daniel genovesi
daniel gollan
daniel gonzalez
daniel lopez rosetti
daniel salinas
daniel vila
daniela marinozzi
dante ortega
dante ortega el joven
darian males
david attenborough
david selva
delcy rodriguez
denzel washington
departamento 15
departamento colon
departamento constitucion
departamento constitucion santa
departamento de artigas
departamento de ciencias economicas
departamento de colonia
departamento de epidemiologia de mendoza
departamento de san jose
departamento parana
departamento san martin
departamento uruguay
diego alves
diego armando maradona
diego cardozo
diego diego diego alvarez queria
diego diegos sos
diego escuder
diego latorre
diego leuco
diego maradona
dieguito maradona
distrito arcos
distrito cordoba
donald trump
dow jones
dr alvaro villar leistebueno
dr andres r perez riera
dr angel rivero
dr conrado
dr daniel stamboulian
dr diego yarza
dr fahem
dr gonzalo camargo
dr guillermo
dr hector carvallo
dr hugo aimar
dr hugo roland
dr jose caprara
dr jose caprara ayer
dr kahn
dr leonardo gasparini
dr lucas ketcher
dr luis marcelo martinez exposicion
dr mendoza
dr nogueira
dr pablo abdala
dr raul casanova
dr rodolfo quiros inscripcion
dr salinas
dra angela gentile medica infectologa
dra carol kotliar
dra lesbia
dra lestelle
dra limeng yan
dra maria belen zanchetta
dra maria eugenia barrientos medica
dra maria marta piskorz
dra mariela bianco
dra marta cohen patologa
dra marta cohen patologa argentina
dra rosa maria voghon hernandez
edelmundo ricardo salinas
edgardo gutierrez lavie edil de tacuarembo
edgardo sosa
edith michelotti
eduardo accastello
eduardo castex
eduardo de giusti
eduardo feinmann
eduardo galeano
eduardo lopez
eduardo paquez
eduardo puthod
eduardo savio
eduardo victoria baeza
educacion educacion educacion comun
educacion estan
educacion fisica de
educacion ii
educacion judia
educacion online
educacion ute
educacion ute denuncioque
ee uu
ee uu
eh bueno
eh despues xq
ej ah
ej chile brasil
el caribe
el chaco
el fabuloso prode
el hospice
el lunes
el megafono
el pais
el reino unido
el reino unido advirtio
el rosarino
el sabado
el salvador
el uruguay
el vaticano
elegi unos re lindos
eli lilly
eliana mendilaharzu
eliana mendilaharzu
eliana mendilaharzu ely
eliana murio
elias quotel hospital
eliminaria 100
elizabeth warren biden
elsa leguizamon
elsa levrero
ely lilly
emanuel macron
emilia romagna
emilio mitre
emma c
emmanuel emmanuel macron
emmanuel macron
empece pole
empieces mayra
empiezo dra belen outumuro
employer branding
en estados unidos
enano facho
enelcongresodeintendentesporenergia eolica
enfermedadla desinformacion
engriparme maldi tasea
enrique bertolino
entendio macron
enterate vitamina d
envio enzo roggio
epoc diabetes anemia
epoca de covid19
epoca de oro del deporte
epoca dorada del boxeo argentino
epoca sera
er habra
eric j topol alerto
ernesto kofman
escuela catamarca
esoooo quierooo hablarleeeeeeee
esparciendole mugre
españa 19765
españa alemania
españa burgos
españapacientes jovenesalerta
espejos espero q
espero q halloween 2020
estacion belgrano
estadia magnolia
estadio de colon
estadio rojo
estadio ruca che
estado de alarma
estado de la florida
estado de situacion
estado frances
estados unidos
estados unidos aca
estados unidos de america
estallidoalcalde de lascano
estupido covid19
etchevehere clarin
etchevehere gate
etchevehere sin barbijo dale covid19
eu xq
europ assistance
europa alemania
europa francia
european youth foundation
eurostoxx 600
eva agency
eva agradezcanle
eva borracha
eva peron
evaluacion epidemiologica
evangelicos parrilli via guzman
excepcion @user
excepcion porfa
exequiel palacios
expo campanero
expo cannabica
expo vinos de la patagonia
extraccion rapida
ey buiding
ezequiel galli
f alvarez
f varelasan martinbuen ayretoma de rehenes
f1 habia
fa alguien k
fa andrade bergara kechichian
fa jajajjaja bueno
faa todos re cagaos x
fabiana goyeneche
fabiana pochettino
face 1
facundo medina
facundo quignon
facundo quiroga
fahrenheit 451
fake news
fake news lamestram
fallecio mariano gringo italiano
falopa del cajon
falsa 4tena yo voy 3
falsocasorio radiaaaaal chicos
falsos estan
farmacia adivinen
faso decis
favorrrrr chau covid19
fb hmk
fea random
fed 2
fede bal
fede bal fran tinelli
federacion de futbol del pais galo
federacion de hospitales de
federacion francesa
federacion francesa de futbol
federacion francesa de futbol fff
federacion francesa de futbol volveria
federacion medica del interior
federacion rusa dmitry v feoktistov
federacion uruguaya de la salud
federacion uruguaya de la salud fus
federal sumo 1
federica federico bogdan
federico bogdan
federico bogdan
federico bogdan habia
federico mario antonio bogdan fallecio
federico prada
federico viñas
feimann elcovid
feinman el viejo
felicito felipe varela
felipe varela
feliz halloween
feooooo guachooooo
fer me borro
fernan quiros
fernandez abrio fronteras
fernandez chavez
fernandez pp8 moreno maxi palacios scocco
fernando amado
fernando ceballos
fernando crocco
fernando gago
fernando lorenzo cinve
fernando marr
fernando marr
fernando perez
fernando piaggio
fernando priego
fernando simon
ferrere gabriel oddone
ferreteria esteban
fest volumen
fiambala informo
fiebre de sabado
fifa entro
filobolivariano finde hallowen
finlandia finlandia
fiona ferro
fiscalia fisico fit ojala
flashe flashiando covid19
flasho covid19
flavio mendoza
flaya covid19
flexeando mi leño
flia flia etchevehere
flia montaner
flia pasquet
flia paz
flor bonelli
florencia carignano
florencia rodriguez
florencio varela
florida buenos aires
fm 901
fo loco me re aburro fo maldita milena
for example
formosa foro economico mundial
fox fraga 3
fragil economia
fraguen documentacion medica
fran covid19
francia belgica
francia españa
francia italia inglaterra
francisco bustillo
francisco celebrara la navidad
francisco villano
franco calderon
frank kudelka
frank kudelka alexis rodriguez
frank kudelka entendi
freddie mercury
frederic valletoux
fredy villareal
free shops uruguayosdesde
friendly reminder
from the bottom of my broken heart maldito frontera sr llp
fua man
fuck the fucking covid
fuerte disminucion
fueza covid19
full 2020 pd
full cagon cristiano
fullstack develeoper
funcion cerebral
fundacion cajasur
fundacion cargill
fundacion dr enrique rossi
fundacion femeba
fundacion orquesta sinfonica de baleares
fundacion proa sera
fundacion tajamar
gabi maldito covid
gabinete de emergencia de villaguay
gabriela cano
gabriela mandato
gabriela ormaechea
gach gustavo
gachi pachi
gaeta ahi cerquita de napoles
gallanto mamita posho
gallardo negativo de covid19
gallardo noooooo eh
gallardo seria
gallardo sin covid19
galvez 1
galvez 34
galvez 37 de venado tuerto
galvez 37 venado tuerto
galvez 38 de santo
galvez 40
galvez 45
galvez 46 de santo
galvez la ampliacion sera
gano talleres
garcia piloto larry
garganta hablenme
garganta ojala
gaston ares
gaston salio
gatillo facil
gauchito gil
gelp diego
gelp maradona
gelp sera
generacion baby boomer
general alvarado
general alvear
general belgrano
general ocampo
general pico
general pinto
general rodriguez
genetica medica master
genial pq
gente random
geografica george floyd
george russell
geriatrico ciranda
geriatrico el paraiso
germ4n m4artitegui
german caputo remarco
german ferno
german martitegui
germans trias i pujol
gerson souza melo
gestion fernandez
gestion modelo
gestion politica de la pandemia
gianni infantino
gilada jajajajajajaj
gimnasio gripe comun covid19
gines decia
gines gonzalez garcia
gines tw
ginez cara de piedra
gisela villaverde
giving up on efforts to
gladys aguilar
glitter cuantas vuelvenconglitter
glitter vos
gmt6 v encuentro de becarios y becarias
gob nac q
gob pasustar
gobierne macri
golpe te caga la vida
gomez platero
gomez reporto
gonzalez moreno
gonzalo calvo
gonzalo robredo
gorda chueca solterona
gordo despues
gordo puto de morata
gorriao de zamora
grabois aca massa
grabois demantoblanco
graciela alfano
graciela gomez propietaria de la farmacia
gral paz
gral rodriguez
gral rodriguez detalles
gral san martin arg
gralf varela
gran inversion
gran rosario
granadero baigorria
grande grace
grande mi capitan
grande schiaretti
grande vladi
grandes heroes
grant thornton
grasias covid19
gratis lu asi q nada lu
graziano pascale
green card
greenville triumph
greg mortimer
gregorio iraola
grido moria
gripe chimba
gripecinha 1
gripezinha segun bolsonaro
gua vieja
gualeguay entrerios
gualeguay federico bogdan
gualeguay federico bogdan
gualeguay flor
guardia 2
guardia 24 hs
guardia de la neo
guerra de
guerra de malvinas
guerra economica
guerra uruguaya argentina
guillermina valdes
guillermo perez roisinblit
gurises de jardin exponiendome
gurises la agustina
gustavo di costa
gustavo giachetto
gustavo grabia
gustavo leal
gustavo molina
gustavo noriega medico
gustavo notararigo
harry potter
health crisis during
hector flores
hector tito moreno
heidi klum
helena corbellini
hellas verona
hemisferio norte
henry albornoz
hernan bujan
hernan drago
hernan mendoza
herrera ojala
hilda bernard
homo sapiens
hong kong
horacio serpa
hospital alassia
hospital americo luqui
hospital anselmo gamen
hospital aurelio crespo
hospital aurelio crespo de cruz del eje
hospital centenario
hospital ceres
hospital cullen
hospital cullen de santa
hospital de clinicas
hospital de cordoba
hospital de niños
hospital de rivera
hospital de trelew
hospital de vera
hospital diganme
hospital domingo funes
hospital dr anselmo gamen
hospital dra marcela
hospital durand
hospital eliana
hospital elpidio torres
hospital eva peron
hospital federal
hospital gregorio marañon
hospital iturraspe
hospital larrain
hospital maciel comision
hospital narciso lopez de lanus
hospital pasteur
hospital pintos
hospital provincial
hospital ramos mejia
hospital regional de santa rosa
hospital san bernardo
hospital san jorge
hospital san martin
hospital san martin de parana
hospital san martin de villa clara
hospital san roque
hospital sanguinetti
hospital santa rosa
hospital sera
hospital tenes
hospital universitario reina sofia
hospital vera barros
hotel de ville
hugo aimar
hugo kantis
hugo manu correa
hugo neneca souza
hugo roland
hugo vera oviedo
huinca renanco
humanidades dra veronica luetto
humberto jure
humberto maturana
iker jimenez
iker nacio
ile educacion
iluminacion faruvc
iluminacion uvc
imal conicet santa
imbecil tenes
imbeciles bye
imola imperail college de lonbdres
imperial college
imperial college london
dioxido de cloro
incuinta del inta
instituto crandon
instituto de cocina
instituto de epidemiologia
instituto de medicina
instituto pasteur
instruccion guillermo monti
instrumentacion quirurgica
iphone 12
ipsos mori
is that covid
isabel marin
islas malvinas
islas marshall
its kiss from
iv armonizacion
iv conferencia mundial de rrii
ivana gutierrez
ivemectrina cds dioxido
ivic chavista
ivic de venezuela
ivic venezuela
iñaki comas
jackson the anglo schoool
jair bolsonaro
javier araujo
javier gonzalez de dios
javier lasida
javier milei
javier peraza
jeronimo pinedo sociologo
jessica martinez
jesus fallecio
jesus maria
jhon wick
joan pons laplana
joaquin lujambio
joaquin sabella
joel lopez pissano
johnny viale
jokker murio
jordi arza
jorge barrera
jorge bermudez
jorge bicho guevara
jorge carlos
jorge casanova dt bella vista
jorge kilstein
jorge lanata
jorge larrañaga
jorge martinez
jorge prieto
jorge quian
jorge ranco
jorge reyna
jorge sanchez
jorge terrile
jornada de estejueves
jose antonio beraun barrantes
jose barbero
jose barbero andy
jose c paz
jose c paz del señor ishi
jose caprara
jose freyre
jose gregorio hernandez patrañas y brujeria
jose l cordoba
jose luis iturralde
jose luis jimenez
jose luis rivas
jose luis rodriguez
jose ma gimenez
jose manuel olivares
jose maria gimenez
jose maria listorti
jose molineris
jose rivas
journal of clinical
juan carlos passo
juan carlos vergara
juan dartes
juan domingo
juan gomez
juan grabois
juan heck
juan jose mendoza opino
juan jose mussi
juan lavista
juan lucena
juan luis hek
juan manuel pusineri
juan pablo destefanis
juan pablo poletti
juan pio drovetta
juan schiaretti
juan soler
juan zavala
juana koslay 2
juanma moreno
jubigamer ok
juego del finde
juegos edicion
jueza castagno
juira covid19
julieta vallones
julieta venegas
jurema machado
juridica argentina
justin turner
justo daract
juventus barca
juventus stadium
jxc voto x
karol sevilla
kily gonzalez
kim kardashian
kim kardashian cumplio 40
kristalina georgieva
kuhle tobias
la habana
la india
la pampa
la paz
la rioja
laboratorio covaxx
laboulaye 1
laburas axel
lacalle pou
lacalle pou consulta
laconchadtumadre covid19
lalaladys and gentlemans
laguna larga cordoba argentina
laguna larga cordoba argentina
lando norris
laura martinez
lautaro ojeda
leal alfie
leandro grimaldi
leandro n alem
leonardo caruana
leonardo cipriani
leonardo pibouleau
leonardo pibouleau leonor benedetto
leopoldo maduro
lesbia corbillon
libertadores de america
liberte pablo
lic correa youtube
lic luis adriani
liceo crandon
liga azteca
liga de francia
ligas palermo
like si tenes
liliana sewald jefa distrital
limeng yan
limon malditocovid
lionel messi
lit killah
lit killah saco
little viale
lola latorre
loma verde
lomas de zamora
lomas de zamora
lomas wachiturres
lopez obrador
lorenzo villa
los angeles
los pendejos de mierda
lost in translation
louis procedere
louro jose testa
lucas gallitto
lucas kdcirt
lucas lescano
lucas me doy
lucas ruggieri lucas spadafora
lucas stefanini infectologo
luci jajajaja
lucia alonso
lucia alonso
luciana salazar
luctuoso sabado
luis acevedo
luis alberto
luis alberto podran
luis aycaguer
luis guillon
luis lacalle pou
luis latorre
luis latorre manifesto
luis marcelo martinez
luis rivas
lujan 30
luna park
made in china
maggie flannery
maldonado maldonado
maldonado san carlos
manaos de naranja
mandado delegacion
manuel akanji
manuel beltran
maquina automatica
mar del plata
maradona diego
maraton de reyes
maraton navideña
marc short
marcelo gallardo
marcelo gallardo sera
marcelo gallardo solo dire
marcelo galllardo
marcelo leguizamon
marcelo marcelo marcelo casabene
marcelo peretta
marcelo richard
marcelo straccia
marcos juarez
marcos juarez
marcos karalitzky
marde boludeando
margarita heinzen
maria estela jofre
maria juana
maria laura
maria lourdes
maria teresa
mariano jajaja
mariano mastrangelo
mariano max
marilina bertoldi
marina valdora
mario bunge
mario galoppo
mario gonzalez concejal
mario gutierrez
mario rodriguez
mario rovere
mario secco
mario valinoti
marley me caia
maroon 5
martin barrionuevo contador
martin bossi
martin brignani
martin buscaglia
martin grande
martin marinucci
martin nani
martin previgliano
master chef
matias biscay
matias cevasco
matias di santo
matias fernandez viña
matias lammens
matias milla
matias zurawski
mauricio macri
mauricio muraca
mauricio pellegrino
mauricio scoltore
maxi felice
maximiliano falcon
maximiliano silva
maze runner
meli sanchez
meli sanchez sigo
melina rocha
memorial pablo da silveira
mendoza 771
mentira na boluda
mercedes mercedes corrientes
mercedes sumo
mercerdes merda me estan
merkel anunciaria
mesetas sabado
messicristiano ronaldo
meten jodita
metodo lamp
metro de madrid
michael bay
michael jackson
michelle chauvet de mexico
mike pence
mike pence
mikel villanueva
milan todavia
milanesa re sarpado
millon ah
millon argentina
millon q creo q
milo ventimiglia
mina clavero
ministro da silveira
ministro de cordoba
ministro quiros alerto
mirasco uruguay
miriam gonzalez
mirtha legrand
mon laferte
monica farro
monnaie du munt
monte hermoso
monte maiz
monte tenia
monte vera
monte vera pto arroyo seco
montevideo college
moriles aguilar
morticia addams
nahuel bustos
nahuel fernandes silva
nahuel sotelo
nancy salinas
natalio graglia
nature luis mira
nauru palaos
nestor kirchner
new england journal of medicine
new time new
new york
nicolas beckdorf
nicolas beckdorf
nicolas beckdorftexto
nicolas cendoya
nicolas contin
nicolas kreplak
nicolas maduro
nicolas rodriguez peña
niko mirotic
nissan noah harari
norberto morales
norberto petraglia
nota noticiasunlp cientificxs
novaresio chapea
nueva york
nueva zelanda
nuevo testamento
nva cba
ny floridaomar perotti
omega 3
omg diego
oms rusia
open democracy
open digital lab
oporto portugal
organizacion mundial de la salud
organizacion mundial de la salud oms
organizacion panamericana
oscar atienza
oscar trinchieri
oscar ventura
osvaldo arduh
osvaldo wehbe
pablo abdala
pablo ceriani
pablo da silveira
pablo da silveria
pablo de leon clarin12
pablo ledesma
pablo montagna
pablo rosso
pablo tinder
paco puteao
paises bajos
paises europeos
paises limitrofes
palermo soho
pampa ziliotto
panaderia confiteria
paolo montero
pap la economia
papa francisco
papa noel
papa stroll
paraje pavon
parque central
parque mitre
parque sarmiento
partidazo partido comunista
partido comunista
partido contra partido de partido de 9 de julio
partido de 9 de julio
partido de 9 de julio pandemia
partido de azul
partido de la deuda
partido de mañana
partido de talleres
partido del proximo domingo
partido del viernes
partido forro
partido justicialista sesion ordinaria
pasteur jorge ranco
patricia sosa
paul lambert
paula redonda
paullier montevideo pan
paz rivera
pdf pdte fernandez
pedraza x
pedro cahn
pedro galimberti
pedro sanchez
pedro sanchez de extender
pedro sanchez partido socialista
pedro wolff
pelado pelao bacano
pele havelange
pepe sand
pepusa tirada
per saltum q
peñon del aguila palermo
pilar moreno
pino lila
playa del carmen
playa mañanatremendo dia
playa ramirez
plaza agrupacion barrios
plaza artigas
plaza centrica
plaza de alta cordoba
plaza de mayo
plaza de mayo cortes
plaza de mayo estan
plaza de san pedro
plaza del barriouom
plaza federal
plaza flores
plaza moreno
plaza san martin
plaza soberania del bautonomia
policia entrerriana
policia federal
policia lpm
pollo alvarez
polo norte
polonia republica checa
pozo del molle
prado de montevideo
presidente lacalle
presidente macron
presion de oxigeno
prevencion osea
prevencion porelcovid19
prime time
primera division de islandia
primera edicion
primera primera aplicacion
primmer trailer
principe carlos
principe de asturias
provincia de buenos aires
provincia de cordoba
provincia de la rioja
provincia de pichincha
provincia de provincia de provincia de buenos aires
provincia de san luis
provincia de santa
provincia de santa cruz
provincia de santa fe
provincia rosario
pueblo belgrano
puente chaco corrientes
puente genil
puerto argentino
puerto rico
puertogaboto gaboto
punta del diablo
punta del este
punta lara
purga edicion
radio mitre
radiopolis santa fe
rafa vamo uruguay vamo
rafael bayce
rafael diaz
rafael lacava
rafael tardaguila tardaguila agromercados
rafaela 108
rafaela v gdor galvez 38 de santo
rally dakar
rally de ypres
rally ypres belgium
ramirez cerro
ramiro ponce
ramon daniel pizarro
ramon gamarra
ramon gamarra enfermero
rauch suscribio
real madrid
reino de viktor
reino unido
rene marcelino aguilar
republica bolivariana de venezuela
republica checa
republica china
republica de etchevehere
republica de taiwan
republica del sur
republica democratica del congo
republica dominicana
ricardo baluga
ricardo bernardi
ricardo dewey
ricardo fort
ricardo lariguet
rio branco
rio cuarto
rio negro
river camp
rivera carlos migorena
rivera lujan villegas
rob manfred
robert de niro
robert silva
roberto alvarez
roberto tsuru
rocco siffredi
rocio lorenzon
rodolfo gonzalez rissotto
rodolfo luna
rodriguez larreta
roger pavletich
roland garros
rolando prudencio briancon
salvador illaguarda
salvador uriel
samco pueblo esther
samco villa ocampo
samsung store
samy ragi
san andres de giles
san antonio de arredondo
san carlos
san carlos centro
san carlos sud
san cayetano
san covid19
san cristobal
san fernando
san francisco
san francisco del monte de oro
san genaro
san isidro
san jorge
san jose
san juan
san justo
san lorenzo
san luis
san marcial
san martin
san martin de los andes
san miguel
san nicolas
san pablo
san pantaleon
san petersburgo
san vicente
sanatorio duarte quiros
santa claus
santa cruz
santa fe
santa fe pcia
santa isabel
santa margarita
santa rita
santa rosa
santa teresita
santiago del estero
santiago mirazo
santiago remon
sao bento
sao pablo
sao paulo
sean connery
sebastian gutierrez
sebastian meneses
sebastian noriega
sebastian ortega
sebastian parisi
sebastian pelaez
sebastian ribas
segunda guerra mundial
senado argentino
senado de la nacion
senado sanciono
sergio chodos
sergio crivelli
sergio lupo
sergio marcos
sergio ziliotto
silvana torres
silvia marmirolli
silvia pereira de castro casa nova
silvina elisa martinez
simona halep
sindrome de kawasaki
sociedad internacional de nefrologia
sociedad medica universal
sofia carson
sofia coppola
sofia yasky
sol perez
sol tota
songbird trailer
sonia martorano
sonia martorano mtra
south park
sputnik v
sr intendente
sr presidente
sres fernandez g garcia
sta rosa
stephie danger
tabare vazquez
teatro alla scala
teatro rivoli de
teatro san carlo de napoles
teatro solis
tercera guerra mundial
terere mata covid19
teresa garcia
teresita ghio
the inbetweeners 2
the lancet
the purge vibes
the verge
this is us
thos moser
tio alberto
tony blair
tony robbins
torrent almada
torrent lopez pissano vecchio
trenque lauquen
tribunal de faltas
trinidad de san isidro
trinidad flores
ultima dictadura
ultima dictadura militar
union europea
universidad de basilea
universidad de colorado
universidad de la plata testeo
universidad de la republica
universidad de maryland
universidad de oxford
universidad johns hopkins
universidad nacional arturo jauretche
universidad nacional de general sarmiento
universidad nacional de la plata
universidad nacional de san luis
universidad nacional de santiago del estero
venado tuerto
vera barros
vera oviedo
vero ottaviano
veronica benaim
veronica robert
veronica schiavina
vicente lopez
vicky xipolitakis
victor aballay
victor della valle
victor moriñigo
villa carlos paz
villa clara
villa constitucion
villa de la quebrada
villa del rio
villa gesell
villa huidobro
villa itati
villa libertador
villa magdalena
villa maria
villa mercedes
villa ocampo
villa san marcial
villa union
villa urquiza
vilma palma
vladimir putin
wall st
wall street
world tour
xavier ortiz
yamil peralta
yamila sierra
yanena la tower
yanina latorre
yolo carpe
yordan osorio
yuval noah harari
facundo ardusso
alberto fernandez
corea norte
lautaro maldonado
reino unido
gabrielli guanini gentiletti
fernandez moreno
maxi nacho palacios
villa constitucion
fernando carbajal
rodolfo barili
jose ramos
provincia buenos aires
vicky polaco
german martitegui
vicky xipolitakis
rafael santos borre
juan lacaze
montevideo canelones
miami dolphins
lynn bowden jr
marcelo gallardo
rafael borre
ciudad buenos aires
sr covid
boris brejcha
fredy villarreal
alberto fernandez
gregorio aznarez
javier tebas
vladimir putin
raul pereira
sonia gomez
dra maria fernanda vazquez
trenque lauquen
carmen crespo
santa fe
dra laura romanelli
carla vizzotti
berta caceres
ginebra asamblea mundial salud
rodriguez larreta
ciudad bsas
eduardo bardin
cande moreno
alvaro billete zira
san juan
san miguel
rafaela villa
galvez santo
donald trump
jesus perez
provincia san juan
municipalidad godoy cruz
facundo ardusso
fernanda iglesias
fernando ubiria
moderadora nilda moreno inscripcion
angela prigione
rafael santos
feria varela
sputnik v
jose antonio fernandez alcalde espiel
carlos lanusse
casa rosada
hospital san roque
axel kicillo
mar caribe
diego maradona jr
premier mette frederiksen
joe biden
san luis
greys anatomy
reina sofia
region provincia santa fe
lautaro maldonado
dua lipa
san cristobal
ruiz fratari
buenos aires
artigas canelones
montevideo rio negro
rivera san jose tacuarembo
melina gomez lee
san carlos sud
san nicolas
john gray
departamento gualeguaychu
buenos aires
hospital san gregorio
doctora simon
jorge alberto giorgi
juan bautista alberdi
leandro alem
diego schwartzman
masters londres
rafael santos
johns hopkins
joaquin tortosa
universidad johns hopkins
isidro casanova
sonia martorano
sputnik v
master chef
sanchez zamorano
santa rosa
san jose
venado tuerto
hugo pizzi
facundo medina
marco cofesa
sergio gonnal videomatch
julieta venegas
sonia martorano
santa fe
the beatles
costa san isidro
rosario central
facundo ardusso
jose caprara
romina fasulo iturbide
daniel gollan
jaime ferre
magdalena lorenzi
rafael santos
nacho fernandez
rosario central
eduardo bardin
reino unido
ernesto kofman
alexander chepurnov
angie velasco
marcos juarez
pablo yedlin
south park
assist card
villa carlos paz
jose alfonzo
san martin urquiza
jose caprara
florencia moura
francisco javier fernandez
hector ramirez
mario rozas
dra daniela hozbor investigadora
dr kambourian
rafael santos
carla vizzotti
matias iriarte
nacho fernandez
kevin lamarque
region amba
enzo peruzzotti
vanesa aragon
republica argentina
villa maria
joaquin tortosa
hospital san juan dios
santa rosa
san nicolas
dpto felipe varela
jorge barrera
mario saralegui
dr radi gach
papa francisco
casa rosada
dr gerardo minio
vicki german
lautaro maldonado
rodriguez larreta
roberto mancini
british airways
silvana giulidori
fernando navajas
silvia gonzalez ayala
nicolas bruzone
nicolas giri
jose maria lagaron
señor covid19
juzgado federal quilmes
dr luis armella
dr rado gach
laura romanelli doctora ciencias biologicas
rafael santos
rafael santos borre
james gillray
mario pereyra
alejandro roca
natalie perez
eduardo galeano
dra susana hoffmann
jose abel
gabriela estevez
